// Jest Snapshot v1, https://goo.gl/fbAQLP

exports[`does not transform file without registry pragma 1`] = `
"export default {
  'component---site-src-pages-help-js-7-e-3-222': {
    loader: () => import('@site/src/pages/help.js')
  }
};"
`;

exports[`only add webpackChunkName comment 1`] = `
"/*  */
export default {
  'component---site-src-pages-help-js-7-e-3-222': {
    loader: () => import('@site/src/pages/help.js')
  },
  'component---site-src-pages-index-jsc-4-f-f99': {
    loader: () => import('@site/src/pages/index.js')
  },
  'component---site-src-pages-feedback-index-js-81-e-a42': {
    loader: () => import('@site/src/pages/feedback/index.js')
  }
};"
`;

exports[`transform registry 1`] = `
"/*  */
export default {
  'component---site-src-pages-help-js-7-e-3-222': {
    loader: () => import('@site/src/pages/help.js')
  },
  'component---site-src-pages-index-jsc-4-f-f99': {
    loader: () => import('@site/src/pages/index.js')
  },
  'component---site-src-pages-feedback-index-js-81-e-a42': {
    loader: () => import('@site/src/pages/feedback/index.js')
  }
};"
`;
